Modules list:
-------------
routines.o:
    CODE              Offs=000000  Size=000115  Align=00001  Fill=0000
mmio.o:
    CODE              Offs=000115  Size=00031B  Align=00001  Fill=0000
main.o:
    CODE              Offs=000430  Size=00009B  Align=00001  Fill=0000
custom_stdlib.o:
    CODE              Offs=0004CB  Size=00004D  Align=00001  Fill=0000
    BSS               Offs=000000  Size=000002  Align=00001  Fill=0000
support.o:
crt0.o:
    STARTUP           Offs=000000  Size=00001D  Align=00001  Fill=0000
/mnt/e/GitHub/EISD/Laboratorio/08/splatters/cc65/lib/sim6502.lib(add.o):
    CODE              Offs=000518  Size=00001C  Align=00001  Fill=0000
/mnt/e/GitHub/EISD/Laboratorio/08/splatters/cc65/lib/sim6502.lib(addysp.o):
    CODE              Offs=000534  Size=00000E  Align=00001  Fill=0000
/mnt/e/GitHub/EISD/Laboratorio/08/splatters/cc65/lib/sim6502.lib(axlong.o):
    CODE              Offs=000542  Size=00000D  Align=00001  Fill=0000
/mnt/e/GitHub/EISD/Laboratorio/08/splatters/cc65/lib/sim6502.lib(callmain.o):
    CODE              Offs=00054F  Size=000017  Align=00001  Fill=0000
    DATA              Offs=000000  Size=000004  Align=00001  Fill=0000
/mnt/e/GitHub/EISD/Laboratorio/08/splatters/cc65/lib/sim6502.lib(condes.o):
    CODE              Offs=000566  Size=00000C  Align=00001  Fill=0000
    DATA              Offs=000004  Size=000025  Align=00001  Fill=0000
    ONCE              Offs=000000  Size=00000C  Align=00001  Fill=0000
/mnt/e/GitHub/EISD/Laboratorio/08/splatters/cc65/lib/sim6502.lib(decsp3.o):
    CODE              Offs=000572  Size=00000D  Align=00001  Fill=0000
/mnt/e/GitHub/EISD/Laboratorio/08/splatters/cc65/lib/sim6502.lib(decsp4.o):
    CODE              Offs=00057F  Size=00000D  Align=00001  Fill=0000
/mnt/e/GitHub/EISD/Laboratorio/08/splatters/cc65/lib/sim6502.lib(exehdr.o):
    EXEHDR            Offs=000000  Size=000001  Align=00001  Fill=0000
/mnt/e/GitHub/EISD/Laboratorio/08/splatters/cc65/lib/sim6502.lib(incsp1.o):
    CODE              Offs=00058C  Size=000007  Align=00001  Fill=0000
/mnt/e/GitHub/EISD/Laboratorio/08/splatters/cc65/lib/sim6502.lib(incsp2.o):
    CODE              Offs=000593  Size=000016  Align=00001  Fill=0000
/mnt/e/GitHub/EISD/Laboratorio/08/splatters/cc65/lib/sim6502.lib(incsp4.o):
    CODE              Offs=0005A9  Size=000005  Align=00001  Fill=0000
/mnt/e/GitHub/EISD/Laboratorio/08/splatters/cc65/lib/sim6502.lib(incsp8.o):
    CODE              Offs=0005AE  Size=000005  Align=00001  Fill=0000
/mnt/e/GitHub/EISD/Laboratorio/08/splatters/cc65/lib/sim6502.lib(ladd.o):
    CODE              Offs=0005B3  Size=000025  Align=00001  Fill=0000
/mnt/e/GitHub/EISD/Laboratorio/08/splatters/cc65/lib/sim6502.lib(land.o):
    CODE              Offs=0005D8  Size=000024  Align=00001  Fill=0000
/mnt/e/GitHub/EISD/Laboratorio/08/splatters/cc65/lib/sim6502.lib(ldeaxysp.o):
    CODE              Offs=0005FC  Size=000013  Align=00001  Fill=0000
/mnt/e/GitHub/EISD/Laboratorio/08/splatters/cc65/lib/sim6502.lib(lmul.o):
    CODE              Offs=00060F  Size=00005C  Align=00001  Fill=0000
/mnt/e/GitHub/EISD/Laboratorio/08/splatters/cc65/lib/sim6502.lib(lpush.o):
    CODE              Offs=00066B  Size=000021  Align=00001  Fill=0000
/mnt/e/GitHub/EISD/Laboratorio/08/splatters/cc65/lib/sim6502.lib(paravirt.o):
/mnt/e/GitHub/EISD/Laboratorio/08/splatters/cc65/lib/sim6502.lib(pusha.o):
    CODE              Offs=00068C  Size=000016  Align=00001  Fill=0000
/mnt/e/GitHub/EISD/Laboratorio/08/splatters/cc65/lib/sim6502.lib(pushax.o):
    CODE              Offs=0006A2  Size=00001A  Align=00001  Fill=0000
/mnt/e/GitHub/EISD/Laboratorio/08/splatters/cc65/lib/sim6502.lib(pushwsp.o):
    CODE              Offs=0006BC  Size=00001C  Align=00001  Fill=0000
/mnt/e/GitHub/EISD/Laboratorio/08/splatters/cc65/lib/sim6502.lib(steaxsp.o):
    CODE              Offs=0006D8  Size=000015  Align=00001  Fill=0000
/mnt/e/GitHub/EISD/Laboratorio/08/splatters/cc65/lib/sim6502.lib(zerobss.o):
    CODE              Offs=0006ED  Size=000023  Align=00001  Fill=0000
/mnt/e/GitHub/EISD/Laboratorio/08/splatters/cc65/lib/sim6502.lib(zeropage.o):
    ZEROPAGE          Offs=000000  Size=00001A  Align=00001  Fill=0000


Segment list:
-------------
Name                   Start     End    Size  Align
----------------------------------------------------
DATA                  000000  000028  000029  00001
EXEHDR                000000  000000  000001  00001
ZEROPAGE              000000  000019  00001A  00001
BSS                   000029  00002A  000002  00001
STARTUP               00C001  00C01D  00001D  00001
ONCE                  00C01E  00C029  00000C  00001
CODE                  00C02A  00C739  000710  00001


Exports list by name:
---------------------
__BSS_RUN__               000029 RLA    __BSS_SIZE__              000002 REA    
__CONSTRUCTOR_COUNT__     000000 REA    __CONSTRUCTOR_TABLE__     00C01E RLA    
__DESTRUCTOR_COUNT__      000000 REA    __DESTRUCTOR_TABLE__      00C73A RLA    
__EXEHDR__                000001 REA    __MAIN_SIZE__             004000 REA    
__MAIN_START__            00C001 REA    __MEM1_SIZE__             003C00 REA    
__MEM1_START__            000000 REA    __STACKSIZE__             000400 REA    
__STARTUP__               000001 REA    _get_prdata               00C3E1 RLA    
_get_pready               00C19E RLA    _io_read                  00C0A2 RLA    
_io_write                 00C070 RLA    _main                     00C45A RLA    
_mul                      00C02A RLA    _reset_flags              00C44B RLA    
_root                     00C0E2 RLA    _set_penable              00C16E RLA    
_set_presetn              00C17E RLA    _set_psel                 00C147 RLA    
_set_pwdata               00C1E3 RLA    _set_pwdata_16            00C1C3 RLA    
_set_pwdata_8             00C1A4 RLA    _set_pwrite               00C18E RLA    
addysp                    00C55F RLA    addysp1                   00C55E RLA    
axlong                    00C56C RLA    callmain                  00C579 RLA    
decsp3                    00C59C RLA    decsp4                    00C5A9 RLA    
donelib                   00C590 RLA    exit                      00FFF1 RLA    
incsp1                    00C5B6 RLA    incsp2                    00C5C5 RLA    
incsp4                    00C5D3 RLA    incsp8                    00C5D8 RLA    
initlib                   00C01E RLA    ldeax0sp                  00C626 RLA    
ptr1                      000008 RLZ    ptr3                      00000C RLZ    
ptr4                      00000E RLZ    pusha                     00C6BA RLA    
pusha0                    00C6CE RLA    pushax                    00C6D0 RLA    
pusheax                   00C69E RLA    pushl0                    00C695 RLA    
pushwysp                  00C6E8 RLA    sp                        000000 RLZ    
sreg                      000002 RLZ    steax0sp                  00C702 RLA    
tmp1                      000010 RLZ    tmp2                      000011 RLZ    
tmp3                      000012 RLZ    tmp4                      000013 RLZ    
tosadd0ax                 00C5DD RLA    tosaddax                  00C544 RLA    
tosaddeax                 00C5E3 RLA    tosand0ax                 00C602 RLA    
tosandeax                 00C608 RLA    tosmuleax                 00C63F RLA    
zerobss                   00C717 RLA    


Exports list by value:
----------------------
__CONSTRUCTOR_COUNT__     000000 REA    __DESTRUCTOR_COUNT__      000000 REA    
__MEM1_START__            000000 REA    sp                        000000 RLZ    
__EXEHDR__                000001 REA    __STARTUP__               000001 REA    
__BSS_SIZE__              000002 REA    sreg                      000002 RLZ    
ptr1                      000008 RLZ    ptr3                      00000C RLZ    
ptr4                      00000E RLZ    tmp1                      000010 RLZ    
tmp2                      000011 RLZ    tmp3                      000012 RLZ    
tmp4                      000013 RLZ    __BSS_RUN__               000029 RLA    
__STACKSIZE__             000400 REA    __MEM1_SIZE__             003C00 REA    
__MAIN_SIZE__             004000 REA    __MAIN_START__            00C001 REA    
__CONSTRUCTOR_TABLE__     00C01E RLA    initlib                   00C01E RLA    
_mul                      00C02A RLA    _io_write                 00C070 RLA    
_io_read                  00C0A2 RLA    _root                     00C0E2 RLA    
_set_psel                 00C147 RLA    _set_penable              00C16E RLA    
_set_presetn              00C17E RLA    _set_pwrite               00C18E RLA    
_get_pready               00C19E RLA    _set_pwdata_8             00C1A4 RLA    
_set_pwdata_16            00C1C3 RLA    _set_pwdata               00C1E3 RLA    
_get_prdata               00C3E1 RLA    _reset_flags              00C44B RLA    
_main                     00C45A RLA    tosaddax                  00C544 RLA    
addysp1                   00C55E RLA    addysp                    00C55F RLA    
axlong                    00C56C RLA    callmain                  00C579 RLA    
donelib                   00C590 RLA    decsp3                    00C59C RLA    
decsp4                    00C5A9 RLA    incsp1                    00C5B6 RLA    
incsp2                    00C5C5 RLA    incsp4                    00C5D3 RLA    
incsp8                    00C5D8 RLA    tosadd0ax                 00C5DD RLA    
tosaddeax                 00C5E3 RLA    tosand0ax                 00C602 RLA    
tosandeax                 00C608 RLA    ldeax0sp                  00C626 RLA    
tosmuleax                 00C63F RLA    pushl0                    00C695 RLA    
pusheax                   00C69E RLA    pusha                     00C6BA RLA    
pusha0                    00C6CE RLA    pushax                    00C6D0 RLA    
pushwysp                  00C6E8 RLA    steax0sp                  00C702 RLA    
zerobss                   00C717 RLA    __DESTRUCTOR_TABLE__      00C73A RLA    
exit                      00FFF1 RLA    


Imports list:
-------------
__BSS_RUN__ ([linker generated]):
    zerobss.o                 common/zerobss.s(8)
__BSS_SIZE__ ([linker generated]):
    zerobss.o                 common/zerobss.s(8)
__CONSTRUCTOR_COUNT__ ([linker generated]):
    condes.o                  runtime/condes.s(18)
__CONSTRUCTOR_TABLE__ ([linker generated]):
    condes.o                  runtime/condes.s(18)
__DESTRUCTOR_COUNT__ ([linker generated]):
    condes.o                  runtime/condes.s(19)
__DESTRUCTOR_TABLE__ ([linker generated]):
    condes.o                  runtime/condes.s(19)
__EXEHDR__ (exehdr.o):
    [linker generated]        ./cfg/sim6502.cfg(2)
__MAIN_SIZE__ ([linker generated]):
    crt0.o                    src/crt0.s(13)
    [linker generated]        ./cfg/sim6502.cfg(19)
__MAIN_START__ ([linker generated]):
    crt0.o                    src/crt0.s(13)
    [linker generated]        ./cfg/sim6502.cfg(19)
__MEM1_SIZE__ ([linker generated]):
    [linker generated]        ./cfg/sim6502.cfg(18)
__MEM1_START__ ([linker generated]):
    [linker generated]        ./cfg/sim6502.cfg(18)
__STACKSIZE__ ([linker generated]):
    crt0.o                    src/crt0.s(14)
    [linker generated]        ./cfg/sim6502.cfg(6)
__STARTUP__ (crt0.o):
    main.o                    src/main.s(13)
_get_prdata (mmio.o):
    routines.o                src/routines.s(21)
_get_pready (mmio.o):
    routines.o                src/routines.s(17)
_io_read (routines.o):
    main.o                    src/main.s(16)
_io_write (routines.o):
    main.o                    src/main.s(15)
_main (main.o):
    callmain.o                runtime/callmain.s(11)
_mul (routines.o):
    main.o                    src/main.s(14)
_reset_flags (mmio.o):
    routines.o                src/routines.s(22)
_root (routines.o):
    main.o                    src/main.s(17)
_set_penable (mmio.o):
    routines.o                src/routines.s(14)
_set_presetn (mmio.o):
    routines.o                src/routines.s(15)
_set_psel (mmio.o):
    routines.o                src/routines.s(13)
_set_pwdata (mmio.o):
    routines.o                src/routines.s(20)
_set_pwdata_16 (mmio.o):
    routines.o                src/routines.s(19)
_set_pwdata_8 (mmio.o):
    routines.o                src/routines.s(18)
_set_pwrite (mmio.o):
    routines.o                src/routines.s(16)
addysp (addysp.o):
    incsp8.o                  runtime/incsp8.s(8)
    incsp4.o                  runtime/incsp4.s(8)
    main.o                    src/main.s(99)
addysp1 (addysp.o):
    lmul.o                    runtime/lmul.s(9)
    land.o                    runtime/land.s(9)
    ladd.o                    runtime/ladd.s(8)
axlong (axlong.o):
    custom_stdlib.o           src/custom_stdlib.s(78)
callmain (callmain.o):
    crt0.o                    src/crt0.s(10)
decsp3 (decsp3.o):
    main.o                    src/main.s(99)
    routines.o                src/routines.s(193)
decsp4 (decsp4.o):
    lpush.o                   runtime/lpush.s(12)
    routines.o                src/routines.s(193)
donelib (condes.o):
    crt0.o                    src/crt0.s(11)
exit (paravirt.o):
    crt0.o                    src/crt0.s(12)
incsp1 (incsp1.o):
    mmio.o                    src/mmio.s(837)
    mmio.o                    src/mmio.s(837)
    mmio.o                    src/mmio.s(837)
    mmio.o                    src/mmio.s(837)
    mmio.o                    src/mmio.s(837)
    mmio.o                    src/mmio.s(837)
    mmio.o                    src/mmio.s(837)
    mmio.o                    src/mmio.s(837)
    mmio.o                    src/mmio.s(837)
    mmio.o                    src/mmio.s(837)
    mmio.o                    src/mmio.s(837)
    mmio.o                    src/mmio.s(837)
incsp2 (incsp2.o):
    custom_stdlib.o           src/custom_stdlib.s(78)
    mmio.o                    src/mmio.s(837)
    mmio.o                    src/mmio.s(837)
    mmio.o                    src/mmio.s(837)
    mmio.o                    src/mmio.s(837)
incsp4 (incsp4.o):
    mmio.o                    src/mmio.s(837)
    mmio.o                    src/mmio.s(837)
    mmio.o                    src/mmio.s(837)
    mmio.o                    src/mmio.s(837)
    mmio.o                    src/mmio.s(837)
    mmio.o                    src/mmio.s(837)
    mmio.o                    src/mmio.s(837)
    routines.o                src/routines.s(193)
    routines.o                src/routines.s(193)
incsp8 (incsp8.o):
    mmio.o                    src/mmio.s(837)
    routines.o                src/routines.s(193)
    routines.o                src/routines.s(193)
initlib (condes.o):
    crt0.o                    src/crt0.s(11)
ldeax0sp (ldeaxysp.o):
    main.o                    src/main.s(99)
    mmio.o                    src/mmio.s(837)
    mmio.o                    src/mmio.s(837)
    routines.o                src/routines.s(193)
    routines.o                src/routines.s(193)
    routines.o                src/routines.s(193)
    routines.o                src/routines.s(193)
ptr1 (zeropage.o):
    zerobss.o                 common/zerobss.s(9)
    lmul.o                    runtime/lmul.s(10)
    mmio.o                    src/mmio.s(11)
ptr3 (zeropage.o):
    lmul.o                    runtime/lmul.s(10)
ptr4 (zeropage.o):
    lmul.o                    runtime/lmul.s(10)
pusha (pusha.o):
    main.o                    src/main.s(99)
    mmio.o                    src/mmio.s(837)
    mmio.o                    src/mmio.s(837)
    mmio.o                    src/mmio.s(837)
    mmio.o                    src/mmio.s(837)
    mmio.o                    src/mmio.s(837)
    mmio.o                    src/mmio.s(837)
    mmio.o                    src/mmio.s(837)
    mmio.o                    src/mmio.s(837)
    mmio.o                    src/mmio.s(837)
    mmio.o                    src/mmio.s(837)
    mmio.o                    src/mmio.s(837)
    mmio.o                    src/mmio.s(837)
    mmio.o                    src/mmio.s(837)
    mmio.o                    src/mmio.s(837)
    routines.o                src/routines.s(193)
pusha0 (pushax.o):
    main.o                    src/main.s(99)
pushax (pushax.o):
    callmain.o                runtime/callmain.s(11)
    custom_stdlib.o           src/custom_stdlib.s(78)
    mmio.o                    src/mmio.s(837)
    mmio.o                    src/mmio.s(837)
    mmio.o                    src/mmio.s(837)
    mmio.o                    src/mmio.s(837)
    mmio.o                    src/mmio.s(837)
    mmio.o                    src/mmio.s(837)
    mmio.o                    src/mmio.s(837)
    mmio.o                    src/mmio.s(837)
    mmio.o                    src/mmio.s(837)
    mmio.o                    src/mmio.s(837)
    routines.o                src/routines.s(193)
pusheax (lpush.o):
    custom_stdlib.o           src/custom_stdlib.s(78)
    mmio.o                    src/mmio.s(837)
    mmio.o                    src/mmio.s(837)
    mmio.o                    src/mmio.s(837)
    routines.o                src/routines.s(193)
pushl0 (lpush.o):
    main.o                    src/main.s(99)
    routines.o                src/routines.s(193)
    routines.o                src/routines.s(193)
pushwysp (pushwsp.o):
    main.o                    src/main.s(99)
    routines.o                src/routines.s(193)
sp (zeropage.o):
    steaxsp.o                 runtime/steaxsp.s(8)
    pushwsp.o                 runtime/pushwsp.s(8)
    pushax.o                  runtime/pushax.s(8)
    pusha.o                   runtime/pusha.s(8)
    lpush.o                   runtime/lpush.s(13)
    lmul.o                    runtime/lmul.s(10)
    ldeaxysp.o                runtime/ldeaxysp.s(12)
    land.o                    runtime/land.s(10)
    ladd.o                    runtime/ladd.s(9)
    incsp2.o                  runtime/incsp2.s(8)
    incsp1.o                  runtime/incsp1.s(8)
    decsp4.o                  runtime/decsp4.s(8)
    decsp3.o                  runtime/decsp3.s(8)
    addysp.o                  runtime/addysp.s(8)
    add.o                     runtime/add.s(12)
    crt0.o                    /mnt/e/GitHub/EISD/Laboratorio/08/splatters/cc65/asminc/zeropage.inc(11)
    custom_stdlib.o           src/custom_stdlib.s(10)
    main.o                    src/main.s(10)
    mmio.o                    src/mmio.s(10)
    routines.o                src/routines.s(10)
sreg (zeropage.o):
    steaxsp.o                 runtime/steaxsp.s(8)
    lpush.o                   runtime/lpush.s(13)
    lmul.o                    runtime/lmul.s(10)
    ldeaxysp.o                runtime/ldeaxysp.s(12)
    land.o                    runtime/land.s(10)
    ladd.o                    runtime/ladd.s(9)
    axlong.o                  runtime/axlong.s(9)
    custom_stdlib.o           src/custom_stdlib.s(10)
    mmio.o                    src/mmio.s(10)
    routines.o                src/routines.s(10)
steax0sp (steaxsp.o):
    main.o                    src/main.s(99)
    routines.o                src/routines.s(193)
    routines.o                src/routines.s(193)
    routines.o                src/routines.s(193)
tmp1 (zeropage.o):
    land.o                    runtime/land.s(10)
    ladd.o                    runtime/ladd.s(9)
    add.o                     runtime/add.s(12)
tmp2 (zeropage.o):
    lmul.o                    runtime/lmul.s(10)
tmp3 (zeropage.o):
    lmul.o                    runtime/lmul.s(10)
tmp4 (zeropage.o):
    lmul.o                    runtime/lmul.s(10)
tosadd0ax (ladd.o):
    custom_stdlib.o           src/custom_stdlib.s(78)
    mmio.o                    src/mmio.s(837)
tosaddax (add.o):
    mmio.o                    src/mmio.s(837)
    mmio.o                    src/mmio.s(837)
tosaddeax (ladd.o):
    mmio.o                    src/mmio.s(837)
tosand0ax (land.o):
    custom_stdlib.o           src/custom_stdlib.s(78)
tosandeax (land.o):
    mmio.o                    src/mmio.s(837)
    mmio.o                    src/mmio.s(837)
tosmuleax (lmul.o):
    custom_stdlib.o           src/custom_stdlib.s(78)
zerobss (zerobss.o):
    crt0.o                    src/crt0.s(10)

